{
    "KX013462.1.L/KX013463.1.M/KX013464.1.S": "LOC_0000VF9"
}